
> dernek-yonetim-sistemi@0.1.0 build
> next build

   Γû▓ Next.js 15.4.6
   - Environments: .env
   - Experiments (use with caution):
     ┬╖ optimizePackageImports

   Creating an optimized production build ...
 Γ£ô Compiled successfully in 2000ms
   Skipping linting
   Checking validity of types ...
npm : Failed to compile.
At line:1 char:38
+ $ErrorActionPreference = 'Continue'; npm run build 2>&1 | tee build-o ...
+                                      ~~~~~~~~~~~~~~~~~~
    + CategoryInfo          : NotSpecified: (Failed to compile.:String) [], RemoteException
    + FullyQualifiedErrorId : NativeCommandError
 

.next/types/app/[org]/members/import/page.ts:34:29
Type error: Type '{ params: { org: string; }; }' does not satisfy the constraint 'PageProps'.
  Types of property 'params' are incompatible.
    Type '{ org: string; }' is missing the following properties from type 'Promise<any>': then, catch, finally, 
[Symbol.toStringTag]

[0m [90m 32 |[39m
 [90m 33 |[39m [90m// Check the prop type of the entry function[39m
[31m[1m>[22m[39m[90m 34 |[39m checkFields[33m<[39m[33mDiff[39m[33m<[39m[33mPageProps[39m[33m,[39m 
[33mFirstArg[39m[33m<[39m[33mTEntry[39m[[32m'default'[39m][33m>[39m[33m,[39m 
[32m'default'[39m[33m>>[39m()
 [90m    |[39m                             [31m[1m^[22m[39m
 [90m 35 |[39m
 [90m 36 |[39m [90m// Check the arguments and return type of the generateMetadata function[39m
 [90m 37 |[39m [36mif[39m ([32m'generateMetadata'[39m [36min[39m entry) {[0m
Next.js build worker exited with code: 1 and signal: null
